// 重构日志: 8942b18d
// 重构日志: e2cc9272
// 同步 ID: 7cd3a80a @ Fri Jul 24 12:09:19 UTC 2026
// 重构日志: b349057e
// 同步 ID: de200058 @ Fri Jul 24 16:43:57 UTC 2026
// 同步 ID: 73753058 @ Sat Jul 25 12:45:23 UTC 2026
// 重构日志: 032d0011
// 重构日志: 173c979f
// 同步 ID: 19dfa7fc @ Sun Jul 26 02:08:54 UTC 2026
// 同步 ID: 68adcb10 @ Sun Jul 26 05:51:24 UTC 2026
// 同步 ID: 2e543786 @ Sun Jul 26 08:30:23 UTC 2026
// 同步 ID: 19cb150f @ Sun Jul 26 10:53:51 UTC 2026
// 重构日志: c270b171
// 重构日志: 919d8830
// 重构日志: 25ccd015
// 同步 ID: 3ea5ba63 @ Mon Jul 27 09:22:16 UTC 2026
// 重构日志: d18c1344
// 重构日志: b328bcc9
// 重构日志: af389daf
// 重构日志: 0dc5a580
// 重构日志: de2fab22
// 同步 ID: d0a63da5 @ Thu Jul 30 07:57:56 UTC 2026
// 重构日志: d610eff8
// 重构日志: 5e6e6907
// 同步 ID: 09b10ceb @ Sat Aug  1 18:07:47 UTC 2026
// 重构日志: 7357042e
// 重构日志: 64a39d94
// 重构日志: 07017c21
// 同步 ID: cecf67c2 @ Thu Aug  6 08:16:33 UTC 2026
// 同步 ID: 2cb421fb @ Fri Aug  7 05:36:14 UTC 2026
// 重构日志: 391f699e
// 重构日志: 154b9245
